// Vitest Snapshot v1, https://vitest.dev/guide/snapshot.html

exports[`prepare-release-artifacts > runs expected commands 1`] = `
String {
  "0": "i",
  "1": "n",
  "10": " ",
  "11": "h",
  "12": "t",
  "13": "t",
  "14": "p",
  "15": "s",
  "16": ":",
  "17": "/",
  "18": "/",
  "19": "y",
  "2": "f",
  "20": "a",
  "21": "r",
  "22": "n",
  "23": "p",
  "24": "k",
  "25": "g",
  "26": ".",
  "27": "c",
  "28": "o",
  "29": "m",
  "3": "o",
  "30": "/",
  "31": "e",
  "32": "n",
  "33": "/",
  "34": "d",
  "35": "o",
  "36": "c",
  "37": "s",
  "38": "/",
  "39": "c",
  "4": " ",
  "40": "l",
  "41": "i",
  "42": "/",
  "43": "r",
  "44": "u",
  "45": "n",
  "46": " ",
  "47": "f",
  "48": "o",
  "49": "r",
  "5": "V",
  "50": " ",
  "51": "d",
  "52": "o",
  "53": "c",
  "54": "u",
  "55": "m",
  "56": "e",
  "57": "n",
  "58": "t",
  "59": "a",
  "6": "i",
  "60": "t",
  "61": "i",
  "62": "o",
  "63": "n",
  "64": " ",
  "65": "a",
  "66": "b",
  "67": "o",
  "68": "u",
  "69": "t",
  "7": "s",
  "70": " ",
  "71": "t",
  "72": "h",
  "73": "i",
  "74": "s",
  "75": " ",
  "76": "c",
  "77": "o",
  "78": "m",
  "79": "m",
  "8": "i",
  "80": "a",
  "81": "n",
  "82": "d",
  "83": ".",
  "84": "
",
  "9": "t",
  "cat": [Function],
  "code": 1,
  "exec": [Function],
  "grep": [Function],
  "head": [Function],
  "sed": [Function],
  "sort": [Function],
  "stderr": "error Command "prepare-release-artifacts" not found.
",
  "stdout": "info Visit https://yarnpkg.com/en/docs/cli/run for documentation about this command.
",
  "tail": [Function],
  "to": [Function],
  "toEnd": [Function],
  "uniq": [Function],
}
`;
