// Vitest Snapshot v1, https://vitest.dev/guide/snapshot.html

exports[`lib/tap error registry > reads as one voice across every entry 1`] = `
"AMBIGUOUS_COMMAND
  That command id matches more than one row of the test.
  Qualify the id with the section it belongs to, as \`cypress tap reporter\` lists it.

ATTEMPT_NOT_FOUND
  No attempt of this test matched that number.
  \`--attempt\` takes a 1-based attempt number and selects an earlier attempt of a retried test; omit it for the latest.

BINDING_NOT_FOUND
  Could not find the running Cypress in any open browser tab.
  The instance may still be loading, so try again in a moment. If the problem persists, the tab running Cypress may have been closed; open a browser in Cypress and try again.

BINDING_THREW
  The Cypress instance failed while running the command.
  Check the instance with \`cypress tap status\`, then try again.

CDP_UNREACHABLE
  Lost the debugging connection to the browser running Cypress.
  The browser may have just closed. Make sure Cypress is running with a browser open, then try again.

CLI_OUTDATED
  The running Cypress is newer than this CLI.
  Update the CLI with \`npm install --save-dev cypress@latest\`, then try again.

COMMAND_NOT_FOUND
  No command in this test matched that id.
  Run \`cypress tap reporter --test-id <id>\` to list the commands in the test.

FRAME_READ_FAILED
  Reading the app under test failed.
  The page may have navigated mid-read. Try again once it has settled.

GRAPHQL_FAILED
  The Cypress instance failed while answering a data query.
  Try the command again.

GRAPHQL_UNREACHABLE
  Could not reach the Cypress instance to read its data.
  The instance may have just closed. Make sure Cypress is running in open mode, then try again.

INSTANCE_NOT_FOUND
  No running Cypress matched that process id.
  Run \`cypress tap instances\` to list the sessions you can tap into.

INSTANCE_OUTDATED
  The running Cypress is older than this CLI.
  Update Cypress in the running project with \`npm install --save-dev cypress@latest\`, restart it, then try again.

INVALID_ARGUMENTS
  The command was given an argument it cannot accept.
  Run \`cypress tap <command> --help\` for the arguments it takes.

INVALID_OPTIONS
  The command was given an option it cannot accept.
  Run \`cypress tap <command> --help\` for the options it takes.

INVALID_PAYLOAD
  The command was given input this CLI could not read.
  Run \`cypress tap <command> --help\` for the arguments and options it takes.

INVALID_VALUE
  An invalid value was given.

NO_AUT
  No app under test is loaded.
  Run a spec first with \`cypress tap run <spec>\`. To read the app as it was at an earlier command, pin that command with \`cypress tap pin\`.

NO_BROWSER_ATTACHED
  Cypress is running, but no test browser is open.
  Open a Chromium browser in Cypress, then try again.

NO_INSTANCE
  Could not find an open-mode session to tap into.
  Start Cypress with \`cypress open\`, select a testing type and launch a browser, then try again.

NO_PROJECT
  The Cypress instance has no project open.
  Open a project in Cypress, then try again.

PIN_TARGET_REQUIRED
  The \`pin\` command was not told what to pin.
  Pass \`--test-id\` and \`--command-id\`, as listed by \`cypress tap reporter\`, or \`--clear\` to release the current pin.

PROTOCOL_MISMATCH
  The running Cypress answered in a way this CLI does not recognize.
  The running Cypress and this CLI are likely different versions. Update the older of the two with \`npm install --save-dev cypress@latest\`, then try again.

RENDERER_UNRESPONSIVE
  Cypress is reachable, but the page running it is not responding.
  It may be paused in DevTools, stuck in a loop, or starved of memory. Pass \`--timeout <ms>\` to wait longer.

SNAPSHOT_NOT_FOUND
  No snapshot of this command matched that name or index.
  Run \`cypress tap command --test-id <id> --command-id <id>\` to list the snapshots a command has. \`--at\` takes a snapshot name or a 1-based index; omit it to pin the command’s final state.

SNAPSHOT_UNAVAILABLE
  That command has no DOM snapshot to pin.
  Snapshots are captured in open mode and kept only for the most recent tests, as \`numTestsKeptInMemory\` sets. Run the spec again to capture fresh snapshots, or raise \`numTestsKeptInMemory\` to keep more.

SPEC_IN_PROGRESS
  Use \`cypress tap status\` to verify when the spec has finished.

SPEC_NOT_FOUND
  The instance has no spec matching that path.
  \`cypress tap specs\` lists the specs this instance can run. If the spec exists but is not listed, widen \`specPattern\` in the Cypress config.

SPEC_NOT_STARTED
  No spec is available to read.
  Start a spec with the \`run\` command, then read it once it has finished.

SPEC_START_FAILED
  The Cypress instance could not start the spec.
  Check the instance with \`cypress tap status\`, then try again.

STALE_HANDLE
  The Cypress instance navigated while running the command.
  Run the command again.

STALE_INSTANCE
  Cypress was running, but is no longer responding.
  It likely exited uncleanly. Start Cypress again with \`cypress open\`, then try again.

TEST_NOT_FOUND
  No test in this spec matched that id.
  Run \`cypress tap reporter\` to list the tests in the spec.

TESTING_TYPE_NOT_CONFIGURED
  That testing type is not configured for this project.
  Configure it in the Cypress config, or start Cypress in a testing type the project supports."
`;
