// Vitest Snapshot v1, https://vitest.dev/guide/snapshot.html

exports[`package.json build > outputs expected properties 1`] = `
{
  "bugs": {
    "url": "https://github.com/cypress-io/cypress/issues",
  },
  "buildInfo": "replaced by normalizePackageJson",
  "description": "Cypress is a next generation front end testing tool built for the modern web",
  "engines": "test engines",
  "homepage": "https://cypress.io",
  "keywords": [
    "automation",
    "browser",
    "cypress",
    "cypress.io",
    "e2e",
    "end-to-end",
    "integration",
    "component",
    "mocks",
    "runner",
    "spies",
    "stubs",
    "test",
    "testing",
  ],
  "license": "MIT",
  "name": "test",
  "repository": {
    "type": "git",
    "url": "https://github.com/cypress-io/cypress.git",
  },
  "scripts": {
    "postinstall": "node dist/index.js --exec install",
    "size": "t="$(npm pack .)"; wc -c "\${t}"; tar tvf "\${t}"; rm "\${t}";",
  },
  "types": "types",
  "version": "x.y.z",
}
`;
