// Vitest Snapshot v1, https://vitest.dev/guide/snapshot.html

exports[`util > .normalizeModuleOptions > converts config object 1`] = `
{
  "config": "{"baseUrl":"http://localhost:2000","watchForFileChanges":false}",
}
`;

exports[`util > .normalizeModuleOptions > converts environment object 1`] = `
{
  "env": "{"foo":"bar","magicNumber":1234,"host":"kevin.dev.local"}",
}
`;

exports[`util > .normalizeModuleOptions > converts reporterOptions object 1`] = `
{
  "reporterOptions": "{"mochaFile":"results/my-test-output.xml","toConsole":true}",
}
`;

exports[`util > .normalizeModuleOptions > converts specs array 1`] = `
{
  "spec": "["a","b","c"]",
}
`;

exports[`util > .normalizeModuleOptions > does not change other properties 1`] = `
{
  "foo": "bar",
}
`;

exports[`util > .normalizeModuleOptions > does not convert spec when string 1`] = `
{
  "spec": "x,y,z",
}
`;

exports[`util > .normalizeModuleOptions > passes string env unchanged 1`] = `
{
  "env": "foo=bar",
}
`;
